================================================================
                         Machine Info
----------------------------------------------------------------
 Hostname              : host-10-22-10-114
 OS                    : Linux
 Architecture          : x86_64
 CPU Cores             : 16
 Total Memory (GB)     : 62.63
 Free Memory (GB)      : 7.94
---------------------------- OpenMP -----------------------------
 Available Threads     : 16
 Max Threads Allowed   : 16
 Nested Parallelism    : Disabled
================================================================

================================================================
                         Device Info
----------------------------------------------------------------
----------------------------- CUDA ------------------------------
 CUDA Runtime Version  : 12.6
 CUDA Devices Found    : 1
  Device 0: NVIDIA GeForce RTX 4070 Ti SUPER
    Compute Capability : 8.9
    Global Memory (GB) : 15.69
    Shared Memory (KB) : 48
    Multiprocessors    : 66
    Clock Rate (MHz)   : 2640.00
================================================================

================================================================
                         Simulation Log
----------------------------------------------------------------
 Start Time             : 2025-06-05 17:58:43
 Configuration File     : configs/error_analysis/ssiadi.ini
 Output Directory       : outputs/error_analysis/ssiadi

 Execution Mode         : CUDA
 Equation Type          : MONODOMAIN
 Cell Model             : MV
 Numerical Method       : SSIADI
 Real Precision         : double

 Save Frames            : Yes
 Save Last Frame        : Yes
 Save Last State        : No
 Shift State            : No
 Measure Velocity       : Yes
 Frame Save Rate        : 100
 Initial State Mode     : Initial Condition

 Grid Size (Nx x Ny)    : 601 x 601
 Domain Size (Lx x Ly)  : 6.00 x 6.00
 Spatial Step (dx, dy)  : 0.01, 0.01
 Time Step (dt)         : 0.01
 Total Time             : 500.00
 Number of Steps (M)    : 50000
 Fiber Orientation      : 0.00 degrees
 Is Fiber Aligned       : Yes
 Sigma Longitudinal     : 0.00065
 Sigma Transversal      : 0.00065

 Stimulus 1:
   Amplitude  : 1
   Duration   : 2
   Start Time : 0
   X Range    : [0, 0.2]
   Y Range    : [0, 6]

 Stimulus 2:
   Amplitude  : 1
   Duration   : 2
   Start Time : 340
   X Range    : [0, 3]
   Y Range    : [0, 3]
================================================================


[i] Device name: NVIDIA GeForce RTX 4070 Ti SUPER (66 SMs)

[i] For full domain kernels:
[i] Block size: 16 x 16 threads (total 256 threads per block)
[i] Grid size: 38 x 38 blocks (total 1444 blocks, total 369664 threads)

[i] For Thomas kernel:
[i] Grid size for x: 19 blocks (32 threads per block, total 608 threads)
[i] Grid size for y: 19 blocks (32 threads per block, total 608 threads)

[i] Starting simulation with SSIADI (CUDA)...
[+] Frame at time 0.00 ms saved to outputs/error_analysis/ssiadi/frames/Vm_00000.vtk
[+] Frame at time 1.00 ms saved to outputs/error_analysis/ssiadi/frames/Vm_00100.vtk
[+] Frame at time 2.00 ms saved to outputs/error_analysis/ssiadi/frames/Vm_00200.vtk
[+] Frame at time 3.00 ms saved to outputs/error_analysis/ssiadi/frames/Vm_00300.vtk
[+] Frame at time 4.00 ms saved to outputs/error_analysis/ssiadi/frames/Vm_00400.vtk
[+] Frame at time 5.00 ms saved to outputs/error_analysis/ssiadi/frames/Vm_00500.vtk
[+] Frame at time 6.00 ms saved to outputs/error_analysis/ssiadi/frames/Vm_00600.vtk
[+] Frame at time 7.00 ms saved to outputs/error_analysis/ssiadi/frames/Vm_00700.vtk
[+] Frame at time 8.00 ms saved to outputs/error_analysis/ssiadi/frames/Vm_00800.vtk
[+] Frame at time 9.00 ms saved to outputs/error_analysis/ssiadi/frames/Vm_00900.vtk
[+] Frame at time 10.00 ms saved to outputs/error_analysis/ssiadi/frames/Vm_01000.vtk
[+] Frame at time 11.00 ms saved to outputs/error_analysis/ssiadi/frames/Vm_01100.vtk
[+] Frame at time 12.00 ms saved to outputs/error_analysis/ssiadi/frames/Vm_01200.vtk
[+] Frame at time 13.00 ms saved to outputs/error_analysis/ssiadi/frames/Vm_01300.vtk
[+] Frame at time 14.00 ms saved to outputs/error_analysis/ssiadi/frames/Vm_01400.vtk
[+] Frame at time 15.00 ms saved to outputs/error_analysis/ssiadi/frames/Vm_01500.vtk
[+] Frame at time 16.00 ms saved to outputs/error_analysis/ssiadi/frames/Vm_01600.vtk
[+] Frame at time 17.00 ms saved to outputs/error_analysis/ssiadi/frames/Vm_01700.vtk
[+] Frame at time 18.00 ms saved to outputs/error_analysis/ssiadi/frames/Vm_01800.vtk
[+] Frame at time 19.00 ms saved to outputs/error_analysis/ssiadi/frames/Vm_01900.vtk
[+] Frame at time 20.00 ms saved to outputs/error_analysis/ssiadi/frames/Vm_02000.vtk
[+] Frame at time 21.00 ms saved to outputs/error_analysis/ssiadi/frames/Vm_02100.vtk
[+] Frame at time 22.00 ms saved to outputs/error_analysis/ssiadi/frames/Vm_02200.vtk
[+] Frame at time 23.00 ms saved to outputs/error_analysis/ssiadi/frames/Vm_02300.vtk
[+] Frame at time 24.00 ms saved to outputs/error_analysis/ssiadi/frames/Vm_02400.vtk
[+] Frame at time 25.00 ms saved to outputs/error_analysis/ssiadi/frames/Vm_02500.vtk
[+] Frame at time 26.00 ms saved to outputs/error_analysis/ssiadi/frames/Vm_02600.vtk
[+] Frame at time 27.00 ms saved to outputs/error_analysis/ssiadi/frames/Vm_02700.vtk
[+] Frame at time 28.00 ms saved to outputs/error_analysis/ssiadi/frames/Vm_02800.vtk
[+] Frame at time 29.00 ms saved to outputs/error_analysis/ssiadi/frames/Vm_02900.vtk
[+] Frame at time 30.00 ms saved to outputs/error_analysis/ssiadi/frames/Vm_03000.vtk
[+] Frame at time 31.00 ms saved to outputs/error_analysis/ssiadi/frames/Vm_03100.vtk
[+] Frame at time 32.00 ms saved to outputs/error_analysis/ssiadi/frames/Vm_03200.vtk
[+] Frame at time 33.00 ms saved to outputs/error_analysis/ssiadi/frames/Vm_03300.vtk
[+] Frame at time 34.00 ms saved to outputs/error_analysis/ssiadi/frames/Vm_03400.vtk
[+] Frame at time 35.00 ms saved to outputs/error_analysis/ssiadi/frames/Vm_03500.vtk
[+] Frame at time 36.00 ms saved to outputs/error_analysis/ssiadi/frames/Vm_03600.vtk
[+] Frame at time 37.00 ms saved to outputs/error_analysis/ssiadi/frames/Vm_03700.vtk
[+] Frame at time 38.00 ms saved to outputs/error_analysis/ssiadi/frames/Vm_03800.vtk
[+] Frame at time 39.00 ms saved to outputs/error_analysis/ssiadi/frames/Vm_03900.vtk
[+] Frame at time 40.00 ms saved to outputs/error_analysis/ssiadi/frames/Vm_04000.vtk
[+] Frame at time 41.00 ms saved to outputs/error_analysis/ssiadi/frames/Vm_04100.vtk
[+] Frame at time 42.00 ms saved to outputs/error_analysis/ssiadi/frames/Vm_04200.vtk
[+] Frame at time 43.00 ms saved to outputs/error_analysis/ssiadi/frames/Vm_04300.vtk
[+] Frame at time 44.00 ms saved to outputs/error_analysis/ssiadi/frames/Vm_04400.vtk
[+] Frame at time 45.00 ms saved to outputs/error_analysis/ssiadi/frames/Vm_04500.vtk
[+] Frame at time 46.00 ms saved to outputs/error_analysis/ssiadi/frames/Vm_04600.vtk
[+] Frame at time 47.00 ms saved to outputs/error_analysis/ssiadi/frames/Vm_04700.vtk
[+] Frame at time 48.00 ms saved to outputs/error_analysis/ssiadi/frames/Vm_04800.vtk
[+] Frame at time 49.00 ms saved to outputs/error_analysis/ssiadi/frames/Vm_04900.vtk
[+] Frame at time 50.00 ms saved to outputs/error_analysis/ssiadi/frames/Vm_05000.vtk
[+] Frame at time 51.00 ms saved to outputs/error_analysis/ssiadi/frames/Vm_05100.vtk
[+] Frame at time 52.00 ms saved to outputs/error_analysis/ssiadi/frames/Vm_05200.vtk
[+] Frame at time 53.00 ms saved to outputs/error_analysis/ssiadi/frames/Vm_05300.vtk
[+] Frame at time 54.00 ms saved to outputs/error_analysis/ssiadi/frames/Vm_05400.vtk
[+] Frame at time 55.00 ms saved to outputs/error_analysis/ssiadi/frames/Vm_05500.vtk
[+] Frame at time 56.00 ms saved to outputs/error_analysis/ssiadi/frames/Vm_05600.vtk
[+] Frame at time 57.00 ms saved to outputs/error_analysis/ssiadi/frames/Vm_05700.vtk
[+] Frame at time 58.00 ms saved to outputs/error_analysis/ssiadi/frames/Vm_05800.vtk
[+] Frame at time 59.00 ms saved to outputs/error_analysis/ssiadi/frames/Vm_05900.vtk
[+] Frame at time 60.00 ms saved to outputs/error_analysis/ssiadi/frames/Vm_06000.vtk
[+] Frame at time 61.00 ms saved to outputs/error_analysis/ssiadi/frames/Vm_06100.vtk
[+] Frame at time 62.00 ms saved to outputs/error_analysis/ssiadi/frames/Vm_06200.vtk
[i] Stim velocity (measured from 2.00 to 4.00 cm) is 61.77 cm/s
[+] Frame at time 63.00 ms saved to outputs/error_analysis/ssiadi/frames/Vm_06300.vtk
[+] Frame at time 64.00 ms saved to outputs/error_analysis/ssiadi/frames/Vm_06400.vtk
[+] Frame at time 65.00 ms saved to outputs/error_analysis/ssiadi/frames/Vm_06500.vtk
[+] Frame at time 66.00 ms saved to outputs/error_analysis/ssiadi/frames/Vm_06600.vtk
[+] Frame at time 67.00 ms saved to outputs/error_analysis/ssiadi/frames/Vm_06700.vtk
[+] Frame at time 68.00 ms saved to outputs/error_analysis/ssiadi/frames/Vm_06800.vtk
[+] Frame at time 69.00 ms saved to outputs/error_analysis/ssiadi/frames/Vm_06900.vtk
[+] Frame at time 70.00 ms saved to outputs/error_analysis/ssiadi/frames/Vm_07000.vtk
[+] Frame at time 71.00 ms saved to outputs/error_analysis/ssiadi/frames/Vm_07100.vtk
[+] Frame at time 72.00 ms saved to outputs/error_analysis/ssiadi/frames/Vm_07200.vtk
[+] Frame at time 73.00 ms saved to outputs/error_analysis/ssiadi/frames/Vm_07300.vtk
[+] Frame at time 74.00 ms saved to outputs/error_analysis/ssiadi/frames/Vm_07400.vtk
[+] Frame at time 75.00 ms saved to outputs/error_analysis/ssiadi/frames/Vm_07500.vtk
[+] Frame at time 76.00 ms saved to outputs/error_analysis/ssiadi/frames/Vm_07600.vtk
[+] Frame at time 77.00 ms saved to outputs/error_analysis/ssiadi/frames/Vm_07700.vtk
[+] Frame at time 78.00 ms saved to outputs/error_analysis/ssiadi/frames/Vm_07800.vtk
[+] Frame at time 79.00 ms saved to outputs/error_analysis/ssiadi/frames/Vm_07900.vtk
[+] Frame at time 80.00 ms saved to outputs/error_analysis/ssiadi/frames/Vm_08000.vtk
[+] Frame at time 81.00 ms saved to outputs/error_analysis/ssiadi/frames/Vm_08100.vtk
[+] Frame at time 82.00 ms saved to outputs/error_analysis/ssiadi/frames/Vm_08200.vtk
[+] Frame at time 83.00 ms saved to outputs/error_analysis/ssiadi/frames/Vm_08300.vtk
[+] Frame at time 84.00 ms saved to outputs/error_analysis/ssiadi/frames/Vm_08400.vtk
[+] Frame at time 85.00 ms saved to outputs/error_analysis/ssiadi/frames/Vm_08500.vtk
[+] Frame at time 86.00 ms saved to outputs/error_analysis/ssiadi/frames/Vm_08600.vtk
[+] Frame at time 87.00 ms saved to outputs/error_analysis/ssiadi/frames/Vm_08700.vtk
[+] Frame at time 88.00 ms saved to outputs/error_analysis/ssiadi/frames/Vm_08800.vtk
[+] Frame at time 89.00 ms saved to outputs/error_analysis/ssiadi/frames/Vm_08900.vtk
[+] Frame at time 90.00 ms saved to outputs/error_analysis/ssiadi/frames/Vm_09000.vtk
[+] Frame at time 91.00 ms saved to outputs/error_analysis/ssiadi/frames/Vm_09100.vtk
[+] Frame at time 92.00 ms saved to outputs/error_analysis/ssiadi/frames/Vm_09200.vtk
[+] Frame at time 93.00 ms saved to outputs/error_analysis/ssiadi/frames/Vm_09300.vtk
[+] Frame at time 94.00 ms saved to outputs/error_analysis/ssiadi/frames/Vm_09400.vtk
[+] Frame at time 95.00 ms saved to outputs/error_analysis/ssiadi/frames/Vm_09500.vtk
[+] Frame at time 96.00 ms saved to outputs/error_analysis/ssiadi/frames/Vm_09600.vtk
[+] Frame at time 97.00 ms saved to outputs/error_analysis/ssiadi/frames/Vm_09700.vtk
[+] Frame at time 98.00 ms saved to outputs/error_analysis/ssiadi/frames/Vm_09800.vtk
[+] Frame at time 99.00 ms saved to outputs/error_analysis/ssiadi/frames/Vm_09900.vtk
[+] Frame at time 100.00 ms saved to outputs/error_analysis/ssiadi/frames/Vm_10000.vtk
[+] Frame at time 101.00 ms saved to outputs/error_analysis/ssiadi/frames/Vm_10100.vtk
[+] Frame at time 102.00 ms saved to outputs/error_analysis/ssiadi/frames/Vm_10200.vtk
[+] Frame at time 103.00 ms saved to outputs/error_analysis/ssiadi/frames/Vm_10300.vtk
[+] Frame at time 104.00 ms saved to outputs/error_analysis/ssiadi/frames/Vm_10400.vtk
[+] Frame at time 105.00 ms saved to outputs/error_analysis/ssiadi/frames/Vm_10500.vtk
[+] Frame at time 106.00 ms saved to outputs/error_analysis/ssiadi/frames/Vm_10600.vtk
[+] Frame at time 107.00 ms saved to outputs/error_analysis/ssiadi/frames/Vm_10700.vtk
[+] Frame at time 108.00 ms saved to outputs/error_analysis/ssiadi/frames/Vm_10800.vtk
[+] Frame at time 109.00 ms saved to outputs/error_analysis/ssiadi/frames/Vm_10900.vtk
[+] Frame at time 110.00 ms saved to outputs/error_analysis/ssiadi/frames/Vm_11000.vtk
[+] Frame at time 111.00 ms saved to outputs/error_analysis/ssiadi/frames/Vm_11100.vtk
[+] Frame at time 112.00 ms saved to outputs/error_analysis/ssiadi/frames/Vm_11200.vtk
[+] Frame at time 113.00 ms saved to outputs/error_analysis/ssiadi/frames/Vm_11300.vtk
[+] Frame at time 114.00 ms saved to outputs/error_analysis/ssiadi/frames/Vm_11400.vtk
[+] Frame at time 115.00 ms saved to outputs/error_analysis/ssiadi/frames/Vm_11500.vtk
[+] Frame at time 116.00 ms saved to outputs/error_analysis/ssiadi/frames/Vm_11600.vtk
[+] Frame at time 117.00 ms saved to outputs/error_analysis/ssiadi/frames/Vm_11700.vtk
[+] Frame at time 118.00 ms saved to outputs/error_analysis/ssiadi/frames/Vm_11800.vtk
[+] Frame at time 119.00 ms saved to outputs/error_analysis/ssiadi/frames/Vm_11900.vtk
[+] Frame at time 120.00 ms saved to outputs/error_analysis/ssiadi/frames/Vm_12000.vtk
[+] Frame at time 121.00 ms saved to outputs/error_analysis/ssiadi/frames/Vm_12100.vtk
[+] Frame at time 122.00 ms saved to outputs/error_analysis/ssiadi/frames/Vm_12200.vtk
[+] Frame at time 123.00 ms saved to outputs/error_analysis/ssiadi/frames/Vm_12300.vtk
[+] Frame at time 124.00 ms saved to outputs/error_analysis/ssiadi/frames/Vm_12400.vtk
[+] Frame at time 125.00 ms saved to outputs/error_analysis/ssiadi/frames/Vm_12500.vtk
[+] Frame at time 126.00 ms saved to outputs/error_analysis/ssiadi/frames/Vm_12600.vtk
[+] Frame at time 127.00 ms saved to outputs/error_analysis/ssiadi/frames/Vm_12700.vtk
[+] Frame at time 128.00 ms saved to outputs/error_analysis/ssiadi/frames/Vm_12800.vtk
[+] Frame at time 129.00 ms saved to outputs/error_analysis/ssiadi/frames/Vm_12900.vtk
[+] Frame at time 130.00 ms saved to outputs/error_analysis/ssiadi/frames/Vm_13000.vtk
[+] Frame at time 131.00 ms saved to outputs/error_analysis/ssiadi/frames/Vm_13100.vtk
[+] Frame at time 132.00 ms saved to outputs/error_analysis/ssiadi/frames/Vm_13200.vtk
[+] Frame at time 133.00 ms saved to outputs/error_analysis/ssiadi/frames/Vm_13300.vtk
[+] Frame at time 134.00 ms saved to outputs/error_analysis/ssiadi/frames/Vm_13400.vtk
[+] Frame at time 135.00 ms saved to outputs/error_analysis/ssiadi/frames/Vm_13500.vtk
[+] Frame at time 136.00 ms saved to outputs/error_analysis/ssiadi/frames/Vm_13600.vtk
[+] Frame at time 137.00 ms saved to outputs/error_analysis/ssiadi/frames/Vm_13700.vtk
[+] Frame at time 138.00 ms saved to outputs/error_analysis/ssiadi/frames/Vm_13800.vtk
[+] Frame at time 139.00 ms saved to outputs/error_analysis/ssiadi/frames/Vm_13900.vtk
[+] Frame at time 140.00 ms saved to outputs/error_analysis/ssiadi/frames/Vm_14000.vtk
[+] Frame at time 141.00 ms saved to outputs/error_analysis/ssiadi/frames/Vm_14100.vtk
[+] Frame at time 142.00 ms saved to outputs/error_analysis/ssiadi/frames/Vm_14200.vtk
[+] Frame at time 143.00 ms saved to outputs/error_analysis/ssiadi/frames/Vm_14300.vtk
[+] Frame at time 144.00 ms saved to outputs/error_analysis/ssiadi/frames/Vm_14400.vtk
[+] Frame at time 145.00 ms saved to outputs/error_analysis/ssiadi/frames/Vm_14500.vtk
[+] Frame at time 146.00 ms saved to outputs/error_analysis/ssiadi/frames/Vm_14600.vtk
[+] Frame at time 147.00 ms saved to outputs/error_analysis/ssiadi/frames/Vm_14700.vtk
[+] Frame at time 148.00 ms saved to outputs/error_analysis/ssiadi/frames/Vm_14800.vtk
[+] Frame at time 149.00 ms saved to outputs/error_analysis/ssiadi/frames/Vm_14900.vtk
[+] Frame at time 150.00 ms saved to outputs/error_analysis/ssiadi/frames/Vm_15000.vtk
[+] Frame at time 151.00 ms saved to outputs/error_analysis/ssiadi/frames/Vm_15100.vtk
[+] Frame at time 152.00 ms saved to outputs/error_analysis/ssiadi/frames/Vm_15200.vtk
[+] Frame at time 153.00 ms saved to outputs/error_analysis/ssiadi/frames/Vm_15300.vtk
[+] Frame at time 154.00 ms saved to outputs/error_analysis/ssiadi/frames/Vm_15400.vtk
[+] Frame at time 155.00 ms saved to outputs/error_analysis/ssiadi/frames/Vm_15500.vtk
[+] Frame at time 156.00 ms saved to outputs/error_analysis/ssiadi/frames/Vm_15600.vtk
[+] Frame at time 157.00 ms saved to outputs/error_analysis/ssiadi/frames/Vm_15700.vtk
[+] Frame at time 158.00 ms saved to outputs/error_analysis/ssiadi/frames/Vm_15800.vtk
[+] Frame at time 159.00 ms saved to outputs/error_analysis/ssiadi/frames/Vm_15900.vtk
[+] Frame at time 160.00 ms saved to outputs/error_analysis/ssiadi/frames/Vm_16000.vtk
[+] Frame at time 161.00 ms saved to outputs/error_analysis/ssiadi/frames/Vm_16100.vtk
[+] Frame at time 162.00 ms saved to outputs/error_analysis/ssiadi/frames/Vm_16200.vtk
[+] Frame at time 163.00 ms saved to outputs/error_analysis/ssiadi/frames/Vm_16300.vtk
[+] Frame at time 164.00 ms saved to outputs/error_analysis/ssiadi/frames/Vm_16400.vtk
[+] Frame at time 165.00 ms saved to outputs/error_analysis/ssiadi/frames/Vm_16500.vtk
[+] Frame at time 166.00 ms saved to outputs/error_analysis/ssiadi/frames/Vm_16600.vtk
[+] Frame at time 167.00 ms saved to outputs/error_analysis/ssiadi/frames/Vm_16700.vtk
[+] Frame at time 168.00 ms saved to outputs/error_analysis/ssiadi/frames/Vm_16800.vtk
[+] Frame at time 169.00 ms saved to outputs/error_analysis/ssiadi/frames/Vm_16900.vtk
[+] Frame at time 170.00 ms saved to outputs/error_analysis/ssiadi/frames/Vm_17000.vtk
[+] Frame at time 171.00 ms saved to outputs/error_analysis/ssiadi/frames/Vm_17100.vtk
[+] Frame at time 172.00 ms saved to outputs/error_analysis/ssiadi/frames/Vm_17200.vtk
[+] Frame at time 173.00 ms saved to outputs/error_analysis/ssiadi/frames/Vm_17300.vtk
[+] Frame at time 174.00 ms saved to outputs/error_analysis/ssiadi/frames/Vm_17400.vtk
[+] Frame at time 175.00 ms saved to outputs/error_analysis/ssiadi/frames/Vm_17500.vtk
[+] Frame at time 176.00 ms saved to outputs/error_analysis/ssiadi/frames/Vm_17600.vtk
[+] Frame at time 177.00 ms saved to outputs/error_analysis/ssiadi/frames/Vm_17700.vtk
[+] Frame at time 178.00 ms saved to outputs/error_analysis/ssiadi/frames/Vm_17800.vtk
[+] Frame at time 179.00 ms saved to outputs/error_analysis/ssiadi/frames/Vm_17900.vtk
[+] Frame at time 180.00 ms saved to outputs/error_analysis/ssiadi/frames/Vm_18000.vtk
[+] Frame at time 181.00 ms saved to outputs/error_analysis/ssiadi/frames/Vm_18100.vtk
[+] Frame at time 182.00 ms saved to outputs/error_analysis/ssiadi/frames/Vm_18200.vtk
[+] Frame at time 183.00 ms saved to outputs/error_analysis/ssiadi/frames/Vm_18300.vtk
[+] Frame at time 184.00 ms saved to outputs/error_analysis/ssiadi/frames/Vm_18400.vtk
[+] Frame at time 185.00 ms saved to outputs/error_analysis/ssiadi/frames/Vm_18500.vtk
[+] Frame at time 186.00 ms saved to outputs/error_analysis/ssiadi/frames/Vm_18600.vtk
[+] Frame at time 187.00 ms saved to outputs/error_analysis/ssiadi/frames/Vm_18700.vtk
[+] Frame at time 188.00 ms saved to outputs/error_analysis/ssiadi/frames/Vm_18800.vtk
[+] Frame at time 189.00 ms saved to outputs/error_analysis/ssiadi/frames/Vm_18900.vtk
[+] Frame at time 190.00 ms saved to outputs/error_analysis/ssiadi/frames/Vm_19000.vtk
[+] Frame at time 191.00 ms saved to outputs/error_analysis/ssiadi/frames/Vm_19100.vtk
[+] Frame at time 192.00 ms saved to outputs/error_analysis/ssiadi/frames/Vm_19200.vtk
[+] Frame at time 193.00 ms saved to outputs/error_analysis/ssiadi/frames/Vm_19300.vtk
[+] Frame at time 194.00 ms saved to outputs/error_analysis/ssiadi/frames/Vm_19400.vtk
[+] Frame at time 195.00 ms saved to outputs/error_analysis/ssiadi/frames/Vm_19500.vtk
[+] Frame at time 196.00 ms saved to outputs/error_analysis/ssiadi/frames/Vm_19600.vtk
[+] Frame at time 197.00 ms saved to outputs/error_analysis/ssiadi/frames/Vm_19700.vtk
[+] Frame at time 198.00 ms saved to outputs/error_analysis/ssiadi/frames/Vm_19800.vtk
[+] Frame at time 199.00 ms saved to outputs/error_analysis/ssiadi/frames/Vm_19900.vtk
[+] Frame at time 200.00 ms saved to outputs/error_analysis/ssiadi/frames/Vm_20000.vtk
[+] Frame at time 201.00 ms saved to outputs/error_analysis/ssiadi/frames/Vm_20100.vtk
[+] Frame at time 202.00 ms saved to outputs/error_analysis/ssiadi/frames/Vm_20200.vtk
[+] Frame at time 203.00 ms saved to outputs/error_analysis/ssiadi/frames/Vm_20300.vtk
[+] Frame at time 204.00 ms saved to outputs/error_analysis/ssiadi/frames/Vm_20400.vtk
[+] Frame at time 205.00 ms saved to outputs/error_analysis/ssiadi/frames/Vm_20500.vtk
[+] Frame at time 206.00 ms saved to outputs/error_analysis/ssiadi/frames/Vm_20600.vtk
[+] Frame at time 207.00 ms saved to outputs/error_analysis/ssiadi/frames/Vm_20700.vtk
[+] Frame at time 208.00 ms saved to outputs/error_analysis/ssiadi/frames/Vm_20800.vtk
[+] Frame at time 209.00 ms saved to outputs/error_analysis/ssiadi/frames/Vm_20900.vtk
[+] Frame at time 210.00 ms saved to outputs/error_analysis/ssiadi/frames/Vm_21000.vtk
[+] Frame at time 211.00 ms saved to outputs/error_analysis/ssiadi/frames/Vm_21100.vtk
[+] Frame at time 212.00 ms saved to outputs/error_analysis/ssiadi/frames/Vm_21200.vtk
[+] Frame at time 213.00 ms saved to outputs/error_analysis/ssiadi/frames/Vm_21300.vtk
[+] Frame at time 214.00 ms saved to outputs/error_analysis/ssiadi/frames/Vm_21400.vtk
[+] Frame at time 215.00 ms saved to outputs/error_analysis/ssiadi/frames/Vm_21500.vtk
[+] Frame at time 216.00 ms saved to outputs/error_analysis/ssiadi/frames/Vm_21600.vtk
[+] Frame at time 217.00 ms saved to outputs/error_analysis/ssiadi/frames/Vm_21700.vtk
[+] Frame at time 218.00 ms saved to outputs/error_analysis/ssiadi/frames/Vm_21800.vtk
[+] Frame at time 219.00 ms saved to outputs/error_analysis/ssiadi/frames/Vm_21900.vtk
[+] Frame at time 220.00 ms saved to outputs/error_analysis/ssiadi/frames/Vm_22000.vtk
[+] Frame at time 221.00 ms saved to outputs/error_analysis/ssiadi/frames/Vm_22100.vtk
[+] Frame at time 222.00 ms saved to outputs/error_analysis/ssiadi/frames/Vm_22200.vtk
[+] Frame at time 223.00 ms saved to outputs/error_analysis/ssiadi/frames/Vm_22300.vtk
[+] Frame at time 224.00 ms saved to outputs/error_analysis/ssiadi/frames/Vm_22400.vtk
[+] Frame at time 225.00 ms saved to outputs/error_analysis/ssiadi/frames/Vm_22500.vtk
[+] Frame at time 226.00 ms saved to outputs/error_analysis/ssiadi/frames/Vm_22600.vtk
[+] Frame at time 227.00 ms saved to outputs/error_analysis/ssiadi/frames/Vm_22700.vtk
[+] Frame at time 228.00 ms saved to outputs/error_analysis/ssiadi/frames/Vm_22800.vtk
[+] Frame at time 229.00 ms saved to outputs/error_analysis/ssiadi/frames/Vm_22900.vtk
[+] Frame at time 230.00 ms saved to outputs/error_analysis/ssiadi/frames/Vm_23000.vtk
[+] Frame at time 231.00 ms saved to outputs/error_analysis/ssiadi/frames/Vm_23100.vtk
[+] Frame at time 232.00 ms saved to outputs/error_analysis/ssiadi/frames/Vm_23200.vtk
[+] Frame at time 233.00 ms saved to outputs/error_analysis/ssiadi/frames/Vm_23300.vtk
[+] Frame at time 234.00 ms saved to outputs/error_analysis/ssiadi/frames/Vm_23400.vtk
[+] Frame at time 235.00 ms saved to outputs/error_analysis/ssiadi/frames/Vm_23500.vtk
[+] Frame at time 236.00 ms saved to outputs/error_analysis/ssiadi/frames/Vm_23600.vtk
[+] Frame at time 237.00 ms saved to outputs/error_analysis/ssiadi/frames/Vm_23700.vtk
[+] Frame at time 238.00 ms saved to outputs/error_analysis/ssiadi/frames/Vm_23800.vtk
[+] Frame at time 239.00 ms saved to outputs/error_analysis/ssiadi/frames/Vm_23900.vtk
[+] Frame at time 240.00 ms saved to outputs/error_analysis/ssiadi/frames/Vm_24000.vtk
[+] Frame at time 241.00 ms saved to outputs/error_analysis/ssiadi/frames/Vm_24100.vtk
[+] Frame at time 242.00 ms saved to outputs/error_analysis/ssiadi/frames/Vm_24200.vtk
[+] Frame at time 243.00 ms saved to outputs/error_analysis/ssiadi/frames/Vm_24300.vtk
[+] Frame at time 244.00 ms saved to outputs/error_analysis/ssiadi/frames/Vm_24400.vtk
[+] Frame at time 245.00 ms saved to outputs/error_analysis/ssiadi/frames/Vm_24500.vtk
[+] Frame at time 246.00 ms saved to outputs/error_analysis/ssiadi/frames/Vm_24600.vtk
[+] Frame at time 247.00 ms saved to outputs/error_analysis/ssiadi/frames/Vm_24700.vtk
[+] Frame at time 248.00 ms saved to outputs/error_analysis/ssiadi/frames/Vm_24800.vtk
[+] Frame at time 249.00 ms saved to outputs/error_analysis/ssiadi/frames/Vm_24900.vtk
[+] Frame at time 250.00 ms saved to outputs/error_analysis/ssiadi/frames/Vm_25000.vtk
[+] Frame at time 251.00 ms saved to outputs/error_analysis/ssiadi/frames/Vm_25100.vtk
[+] Frame at time 252.00 ms saved to outputs/error_analysis/ssiadi/frames/Vm_25200.vtk
[+] Frame at time 253.00 ms saved to outputs/error_analysis/ssiadi/frames/Vm_25300.vtk
[+] Frame at time 254.00 ms saved to outputs/error_analysis/ssiadi/frames/Vm_25400.vtk
[+] Frame at time 255.00 ms saved to outputs/error_analysis/ssiadi/frames/Vm_25500.vtk
[+] Frame at time 256.00 ms saved to outputs/error_analysis/ssiadi/frames/Vm_25600.vtk
[+] Frame at time 257.00 ms saved to outputs/error_analysis/ssiadi/frames/Vm_25700.vtk
[+] Frame at time 258.00 ms saved to outputs/error_analysis/ssiadi/frames/Vm_25800.vtk
[+] Frame at time 259.00 ms saved to outputs/error_analysis/ssiadi/frames/Vm_25900.vtk
[+] Frame at time 260.00 ms saved to outputs/error_analysis/ssiadi/frames/Vm_26000.vtk
[+] Frame at time 261.00 ms saved to outputs/error_analysis/ssiadi/frames/Vm_26100.vtk
[+] Frame at time 262.00 ms saved to outputs/error_analysis/ssiadi/frames/Vm_26200.vtk
[+] Frame at time 263.00 ms saved to outputs/error_analysis/ssiadi/frames/Vm_26300.vtk
[+] Frame at time 264.00 ms saved to outputs/error_analysis/ssiadi/frames/Vm_26400.vtk
[+] Frame at time 265.00 ms saved to outputs/error_analysis/ssiadi/frames/Vm_26500.vtk
[+] Frame at time 266.00 ms saved to outputs/error_analysis/ssiadi/frames/Vm_26600.vtk
[+] Frame at time 267.00 ms saved to outputs/error_analysis/ssiadi/frames/Vm_26700.vtk
[+] Frame at time 268.00 ms saved to outputs/error_analysis/ssiadi/frames/Vm_26800.vtk
[+] Frame at time 269.00 ms saved to outputs/error_analysis/ssiadi/frames/Vm_26900.vtk
[+] Frame at time 270.00 ms saved to outputs/error_analysis/ssiadi/frames/Vm_27000.vtk
[+] Frame at time 271.00 ms saved to outputs/error_analysis/ssiadi/frames/Vm_27100.vtk
[+] Frame at time 272.00 ms saved to outputs/error_analysis/ssiadi/frames/Vm_27200.vtk
[+] Frame at time 273.00 ms saved to outputs/error_analysis/ssiadi/frames/Vm_27300.vtk
[+] Frame at time 274.00 ms saved to outputs/error_analysis/ssiadi/frames/Vm_27400.vtk
[+] Frame at time 275.00 ms saved to outputs/error_analysis/ssiadi/frames/Vm_27500.vtk
[+] Frame at time 276.00 ms saved to outputs/error_analysis/ssiadi/frames/Vm_27600.vtk
[+] Frame at time 277.00 ms saved to outputs/error_analysis/ssiadi/frames/Vm_27700.vtk
[+] Frame at time 278.00 ms saved to outputs/error_analysis/ssiadi/frames/Vm_27800.vtk
[+] Frame at time 279.00 ms saved to outputs/error_analysis/ssiadi/frames/Vm_27900.vtk
[+] Frame at time 280.00 ms saved to outputs/error_analysis/ssiadi/frames/Vm_28000.vtk
[+] Frame at time 281.00 ms saved to outputs/error_analysis/ssiadi/frames/Vm_28100.vtk
[+] Frame at time 282.00 ms saved to outputs/error_analysis/ssiadi/frames/Vm_28200.vtk
[+] Frame at time 283.00 ms saved to outputs/error_analysis/ssiadi/frames/Vm_28300.vtk
[+] Frame at time 284.00 ms saved to outputs/error_analysis/ssiadi/frames/Vm_28400.vtk
[+] Frame at time 285.00 ms saved to outputs/error_analysis/ssiadi/frames/Vm_28500.vtk
[+] Frame at time 286.00 ms saved to outputs/error_analysis/ssiadi/frames/Vm_28600.vtk
[+] Frame at time 287.00 ms saved to outputs/error_analysis/ssiadi/frames/Vm_28700.vtk
[+] Frame at time 288.00 ms saved to outputs/error_analysis/ssiadi/frames/Vm_28800.vtk
[+] Frame at time 289.00 ms saved to outputs/error_analysis/ssiadi/frames/Vm_28900.vtk
[+] Frame at time 290.00 ms saved to outputs/error_analysis/ssiadi/frames/Vm_29000.vtk
[+] Frame at time 291.00 ms saved to outputs/error_analysis/ssiadi/frames/Vm_29100.vtk
[+] Frame at time 292.00 ms saved to outputs/error_analysis/ssiadi/frames/Vm_29200.vtk
[+] Frame at time 293.00 ms saved to outputs/error_analysis/ssiadi/frames/Vm_29300.vtk
[+] Frame at time 294.00 ms saved to outputs/error_analysis/ssiadi/frames/Vm_29400.vtk
[+] Frame at time 295.00 ms saved to outputs/error_analysis/ssiadi/frames/Vm_29500.vtk
[+] Frame at time 296.00 ms saved to outputs/error_analysis/ssiadi/frames/Vm_29600.vtk
[+] Frame at time 297.00 ms saved to outputs/error_analysis/ssiadi/frames/Vm_29700.vtk
[+] Frame at time 298.00 ms saved to outputs/error_analysis/ssiadi/frames/Vm_29800.vtk
[+] Frame at time 299.00 ms saved to outputs/error_analysis/ssiadi/frames/Vm_29900.vtk
[+] Frame at time 300.00 ms saved to outputs/error_analysis/ssiadi/frames/Vm_30000.vtk
[+] Frame at time 301.00 ms saved to outputs/error_analysis/ssiadi/frames/Vm_30100.vtk
[+] Frame at time 302.00 ms saved to outputs/error_analysis/ssiadi/frames/Vm_30200.vtk
[+] Frame at time 303.00 ms saved to outputs/error_analysis/ssiadi/frames/Vm_30300.vtk
[+] Frame at time 304.00 ms saved to outputs/error_analysis/ssiadi/frames/Vm_30400.vtk
[+] Frame at time 305.00 ms saved to outputs/error_analysis/ssiadi/frames/Vm_30500.vtk
[+] Frame at time 306.00 ms saved to outputs/error_analysis/ssiadi/frames/Vm_30600.vtk
[+] Frame at time 307.00 ms saved to outputs/error_analysis/ssiadi/frames/Vm_30700.vtk
[+] Frame at time 308.00 ms saved to outputs/error_analysis/ssiadi/frames/Vm_30800.vtk
[+] Frame at time 309.00 ms saved to outputs/error_analysis/ssiadi/frames/Vm_30900.vtk
[+] Frame at time 310.00 ms saved to outputs/error_analysis/ssiadi/frames/Vm_31000.vtk
[+] Frame at time 311.00 ms saved to outputs/error_analysis/ssiadi/frames/Vm_31100.vtk
[+] Frame at time 312.00 ms saved to outputs/error_analysis/ssiadi/frames/Vm_31200.vtk
[+] Frame at time 313.00 ms saved to outputs/error_analysis/ssiadi/frames/Vm_31300.vtk
[+] Frame at time 314.00 ms saved to outputs/error_analysis/ssiadi/frames/Vm_31400.vtk
[+] Frame at time 315.00 ms saved to outputs/error_analysis/ssiadi/frames/Vm_31500.vtk
[+] Frame at time 316.00 ms saved to outputs/error_analysis/ssiadi/frames/Vm_31600.vtk
[+] Frame at time 317.00 ms saved to outputs/error_analysis/ssiadi/frames/Vm_31700.vtk
[+] Frame at time 318.00 ms saved to outputs/error_analysis/ssiadi/frames/Vm_31800.vtk
[+] Frame at time 319.00 ms saved to outputs/error_analysis/ssiadi/frames/Vm_31900.vtk
[+] Frame at time 320.00 ms saved to outputs/error_analysis/ssiadi/frames/Vm_32000.vtk
[+] Frame at time 321.00 ms saved to outputs/error_analysis/ssiadi/frames/Vm_32100.vtk
[+] Frame at time 322.00 ms saved to outputs/error_analysis/ssiadi/frames/Vm_32200.vtk
[+] Frame at time 323.00 ms saved to outputs/error_analysis/ssiadi/frames/Vm_32300.vtk
[+] Frame at time 324.00 ms saved to outputs/error_analysis/ssiadi/frames/Vm_32400.vtk
[+] Frame at time 325.00 ms saved to outputs/error_analysis/ssiadi/frames/Vm_32500.vtk
[+] Frame at time 326.00 ms saved to outputs/error_analysis/ssiadi/frames/Vm_32600.vtk
[+] Frame at time 327.00 ms saved to outputs/error_analysis/ssiadi/frames/Vm_32700.vtk
[+] Frame at time 328.00 ms saved to outputs/error_analysis/ssiadi/frames/Vm_32800.vtk
[+] Frame at time 329.00 ms saved to outputs/error_analysis/ssiadi/frames/Vm_32900.vtk
[+] Frame at time 330.00 ms saved to outputs/error_analysis/ssiadi/frames/Vm_33000.vtk
[+] Frame at time 331.00 ms saved to outputs/error_analysis/ssiadi/frames/Vm_33100.vtk
[+] Frame at time 332.00 ms saved to outputs/error_analysis/ssiadi/frames/Vm_33200.vtk
[+] Frame at time 333.00 ms saved to outputs/error_analysis/ssiadi/frames/Vm_33300.vtk
[+] Frame at time 334.00 ms saved to outputs/error_analysis/ssiadi/frames/Vm_33400.vtk
[+] Frame at time 335.00 ms saved to outputs/error_analysis/ssiadi/frames/Vm_33500.vtk
[+] Frame at time 336.00 ms saved to outputs/error_analysis/ssiadi/frames/Vm_33600.vtk
[+] Frame at time 337.00 ms saved to outputs/error_analysis/ssiadi/frames/Vm_33700.vtk
[+] Frame at time 338.00 ms saved to outputs/error_analysis/ssiadi/frames/Vm_33800.vtk
[+] Frame at time 339.00 ms saved to outputs/error_analysis/ssiadi/frames/Vm_33900.vtk
[+] Frame at time 340.00 ms saved to outputs/error_analysis/ssiadi/frames/Vm_34000.vtk
[+] Frame at time 341.00 ms saved to outputs/error_analysis/ssiadi/frames/Vm_34100.vtk
[+] Frame at time 342.00 ms saved to outputs/error_analysis/ssiadi/frames/Vm_34200.vtk
[+] Frame at time 343.00 ms saved to outputs/error_analysis/ssiadi/frames/Vm_34300.vtk
[+] Frame at time 344.00 ms saved to outputs/error_analysis/ssiadi/frames/Vm_34400.vtk
[+] Frame at time 345.00 ms saved to outputs/error_analysis/ssiadi/frames/Vm_34500.vtk
[+] Frame at time 346.00 ms saved to outputs/error_analysis/ssiadi/frames/Vm_34600.vtk
[+] Frame at time 347.00 ms saved to outputs/error_analysis/ssiadi/frames/Vm_34700.vtk
[+] Frame at time 348.00 ms saved to outputs/error_analysis/ssiadi/frames/Vm_34800.vtk
[+] Frame at time 349.00 ms saved to outputs/error_analysis/ssiadi/frames/Vm_34900.vtk
[+] Frame at time 350.00 ms saved to outputs/error_analysis/ssiadi/frames/Vm_35000.vtk
[+] Frame at time 351.00 ms saved to outputs/error_analysis/ssiadi/frames/Vm_35100.vtk
[+] Frame at time 352.00 ms saved to outputs/error_analysis/ssiadi/frames/Vm_35200.vtk
[+] Frame at time 353.00 ms saved to outputs/error_analysis/ssiadi/frames/Vm_35300.vtk
[+] Frame at time 354.00 ms saved to outputs/error_analysis/ssiadi/frames/Vm_35400.vtk
[+] Frame at time 355.00 ms saved to outputs/error_analysis/ssiadi/frames/Vm_35500.vtk
[+] Frame at time 356.00 ms saved to outputs/error_analysis/ssiadi/frames/Vm_35600.vtk
[+] Frame at time 357.00 ms saved to outputs/error_analysis/ssiadi/frames/Vm_35700.vtk
[+] Frame at time 358.00 ms saved to outputs/error_analysis/ssiadi/frames/Vm_35800.vtk
[+] Frame at time 359.00 ms saved to outputs/error_analysis/ssiadi/frames/Vm_35900.vtk
[+] Frame at time 360.00 ms saved to outputs/error_analysis/ssiadi/frames/Vm_36000.vtk
[+] Frame at time 361.00 ms saved to outputs/error_analysis/ssiadi/frames/Vm_36100.vtk
[+] Frame at time 362.00 ms saved to outputs/error_analysis/ssiadi/frames/Vm_36200.vtk
[+] Frame at time 363.00 ms saved to outputs/error_analysis/ssiadi/frames/Vm_36300.vtk
[+] Frame at time 364.00 ms saved to outputs/error_analysis/ssiadi/frames/Vm_36400.vtk
[+] Frame at time 365.00 ms saved to outputs/error_analysis/ssiadi/frames/Vm_36500.vtk
[+] Frame at time 366.00 ms saved to outputs/error_analysis/ssiadi/frames/Vm_36600.vtk
[+] Frame at time 367.00 ms saved to outputs/error_analysis/ssiadi/frames/Vm_36700.vtk
[+] Frame at time 368.00 ms saved to outputs/error_analysis/ssiadi/frames/Vm_36800.vtk
[+] Frame at time 369.00 ms saved to outputs/error_analysis/ssiadi/frames/Vm_36900.vtk
[+] Frame at time 370.00 ms saved to outputs/error_analysis/ssiadi/frames/Vm_37000.vtk
[+] Frame at time 371.00 ms saved to outputs/error_analysis/ssiadi/frames/Vm_37100.vtk
[+] Frame at time 372.00 ms saved to outputs/error_analysis/ssiadi/frames/Vm_37200.vtk
[+] Frame at time 373.00 ms saved to outputs/error_analysis/ssiadi/frames/Vm_37300.vtk
[+] Frame at time 374.00 ms saved to outputs/error_analysis/ssiadi/frames/Vm_37400.vtk
[+] Frame at time 375.00 ms saved to outputs/error_analysis/ssiadi/frames/Vm_37500.vtk
[+] Frame at time 376.00 ms saved to outputs/error_analysis/ssiadi/frames/Vm_37600.vtk
[+] Frame at time 377.00 ms saved to outputs/error_analysis/ssiadi/frames/Vm_37700.vtk
[+] Frame at time 378.00 ms saved to outputs/error_analysis/ssiadi/frames/Vm_37800.vtk
[+] Frame at time 379.00 ms saved to outputs/error_analysis/ssiadi/frames/Vm_37900.vtk
[+] Frame at time 380.00 ms saved to outputs/error_analysis/ssiadi/frames/Vm_38000.vtk
[+] Frame at time 381.00 ms saved to outputs/error_analysis/ssiadi/frames/Vm_38100.vtk
[+] Frame at time 382.00 ms saved to outputs/error_analysis/ssiadi/frames/Vm_38200.vtk
[+] Frame at time 383.00 ms saved to outputs/error_analysis/ssiadi/frames/Vm_38300.vtk
[+] Frame at time 384.00 ms saved to outputs/error_analysis/ssiadi/frames/Vm_38400.vtk
[+] Frame at time 385.00 ms saved to outputs/error_analysis/ssiadi/frames/Vm_38500.vtk
[+] Frame at time 386.00 ms saved to outputs/error_analysis/ssiadi/frames/Vm_38600.vtk
[+] Frame at time 387.00 ms saved to outputs/error_analysis/ssiadi/frames/Vm_38700.vtk
[+] Frame at time 388.00 ms saved to outputs/error_analysis/ssiadi/frames/Vm_38800.vtk
[+] Frame at time 389.00 ms saved to outputs/error_analysis/ssiadi/frames/Vm_38900.vtk
[+] Frame at time 390.00 ms saved to outputs/error_analysis/ssiadi/frames/Vm_39000.vtk
[+] Frame at time 391.00 ms saved to outputs/error_analysis/ssiadi/frames/Vm_39100.vtk
[+] Frame at time 392.00 ms saved to outputs/error_analysis/ssiadi/frames/Vm_39200.vtk
[+] Frame at time 393.00 ms saved to outputs/error_analysis/ssiadi/frames/Vm_39300.vtk
[+] Frame at time 394.00 ms saved to outputs/error_analysis/ssiadi/frames/Vm_39400.vtk
[+] Frame at time 395.00 ms saved to outputs/error_analysis/ssiadi/frames/Vm_39500.vtk
[+] Frame at time 396.00 ms saved to outputs/error_analysis/ssiadi/frames/Vm_39600.vtk
[+] Frame at time 397.00 ms saved to outputs/error_analysis/ssiadi/frames/Vm_39700.vtk
[+] Frame at time 398.00 ms saved to outputs/error_analysis/ssiadi/frames/Vm_39800.vtk
[+] Frame at time 399.00 ms saved to outputs/error_analysis/ssiadi/frames/Vm_39900.vtk
[+] Frame at time 400.00 ms saved to outputs/error_analysis/ssiadi/frames/Vm_40000.vtk
[+] Frame at time 401.00 ms saved to outputs/error_analysis/ssiadi/frames/Vm_40100.vtk
[+] Frame at time 402.00 ms saved to outputs/error_analysis/ssiadi/frames/Vm_40200.vtk
[+] Frame at time 403.00 ms saved to outputs/error_analysis/ssiadi/frames/Vm_40300.vtk
[+] Frame at time 404.00 ms saved to outputs/error_analysis/ssiadi/frames/Vm_40400.vtk
[+] Frame at time 405.00 ms saved to outputs/error_analysis/ssiadi/frames/Vm_40500.vtk
[+] Frame at time 406.00 ms saved to outputs/error_analysis/ssiadi/frames/Vm_40600.vtk
[+] Frame at time 407.00 ms saved to outputs/error_analysis/ssiadi/frames/Vm_40700.vtk
[+] Frame at time 408.00 ms saved to outputs/error_analysis/ssiadi/frames/Vm_40800.vtk
[+] Frame at time 409.00 ms saved to outputs/error_analysis/ssiadi/frames/Vm_40900.vtk
[+] Frame at time 410.00 ms saved to outputs/error_analysis/ssiadi/frames/Vm_41000.vtk
[+] Frame at time 411.00 ms saved to outputs/error_analysis/ssiadi/frames/Vm_41100.vtk
[+] Frame at time 412.00 ms saved to outputs/error_analysis/ssiadi/frames/Vm_41200.vtk
[+] Frame at time 413.00 ms saved to outputs/error_analysis/ssiadi/frames/Vm_41300.vtk
[+] Frame at time 414.00 ms saved to outputs/error_analysis/ssiadi/frames/Vm_41400.vtk
[+] Frame at time 415.00 ms saved to outputs/error_analysis/ssiadi/frames/Vm_41500.vtk
[+] Frame at time 416.00 ms saved to outputs/error_analysis/ssiadi/frames/Vm_41600.vtk
[+] Frame at time 417.00 ms saved to outputs/error_analysis/ssiadi/frames/Vm_41700.vtk
[+] Frame at time 418.00 ms saved to outputs/error_analysis/ssiadi/frames/Vm_41800.vtk
[+] Frame at time 419.00 ms saved to outputs/error_analysis/ssiadi/frames/Vm_41900.vtk
[+] Frame at time 420.00 ms saved to outputs/error_analysis/ssiadi/frames/Vm_42000.vtk
[+] Frame at time 421.00 ms saved to outputs/error_analysis/ssiadi/frames/Vm_42100.vtk
[+] Frame at time 422.00 ms saved to outputs/error_analysis/ssiadi/frames/Vm_42200.vtk
[+] Frame at time 423.00 ms saved to outputs/error_analysis/ssiadi/frames/Vm_42300.vtk
[+] Frame at time 424.00 ms saved to outputs/error_analysis/ssiadi/frames/Vm_42400.vtk
[+] Frame at time 425.00 ms saved to outputs/error_analysis/ssiadi/frames/Vm_42500.vtk
[+] Frame at time 426.00 ms saved to outputs/error_analysis/ssiadi/frames/Vm_42600.vtk
[+] Frame at time 427.00 ms saved to outputs/error_analysis/ssiadi/frames/Vm_42700.vtk
[+] Frame at time 428.00 ms saved to outputs/error_analysis/ssiadi/frames/Vm_42800.vtk
[+] Frame at time 429.00 ms saved to outputs/error_analysis/ssiadi/frames/Vm_42900.vtk
[+] Frame at time 430.00 ms saved to outputs/error_analysis/ssiadi/frames/Vm_43000.vtk
[+] Frame at time 431.00 ms saved to outputs/error_analysis/ssiadi/frames/Vm_43100.vtk
[+] Frame at time 432.00 ms saved to outputs/error_analysis/ssiadi/frames/Vm_43200.vtk
[+] Frame at time 433.00 ms saved to outputs/error_analysis/ssiadi/frames/Vm_43300.vtk
[+] Frame at time 434.00 ms saved to outputs/error_analysis/ssiadi/frames/Vm_43400.vtk
[+] Frame at time 435.00 ms saved to outputs/error_analysis/ssiadi/frames/Vm_43500.vtk
[+] Frame at time 436.00 ms saved to outputs/error_analysis/ssiadi/frames/Vm_43600.vtk
[+] Frame at time 437.00 ms saved to outputs/error_analysis/ssiadi/frames/Vm_43700.vtk
[+] Frame at time 438.00 ms saved to outputs/error_analysis/ssiadi/frames/Vm_43800.vtk
[+] Frame at time 439.00 ms saved to outputs/error_analysis/ssiadi/frames/Vm_43900.vtk
[+] Frame at time 440.00 ms saved to outputs/error_analysis/ssiadi/frames/Vm_44000.vtk
[+] Frame at time 441.00 ms saved to outputs/error_analysis/ssiadi/frames/Vm_44100.vtk
[+] Frame at time 442.00 ms saved to outputs/error_analysis/ssiadi/frames/Vm_44200.vtk
[+] Frame at time 443.00 ms saved to outputs/error_analysis/ssiadi/frames/Vm_44300.vtk
[+] Frame at time 444.00 ms saved to outputs/error_analysis/ssiadi/frames/Vm_44400.vtk
[+] Frame at time 445.00 ms saved to outputs/error_analysis/ssiadi/frames/Vm_44500.vtk
[+] Frame at time 446.00 ms saved to outputs/error_analysis/ssiadi/frames/Vm_44600.vtk
[+] Frame at time 447.00 ms saved to outputs/error_analysis/ssiadi/frames/Vm_44700.vtk
[+] Frame at time 448.00 ms saved to outputs/error_analysis/ssiadi/frames/Vm_44800.vtk
[+] Frame at time 449.00 ms saved to outputs/error_analysis/ssiadi/frames/Vm_44900.vtk
[+] Frame at time 450.00 ms saved to outputs/error_analysis/ssiadi/frames/Vm_45000.vtk
[+] Frame at time 451.00 ms saved to outputs/error_analysis/ssiadi/frames/Vm_45100.vtk
[+] Frame at time 452.00 ms saved to outputs/error_analysis/ssiadi/frames/Vm_45200.vtk
[+] Frame at time 453.00 ms saved to outputs/error_analysis/ssiadi/frames/Vm_45300.vtk
[+] Frame at time 454.00 ms saved to outputs/error_analysis/ssiadi/frames/Vm_45400.vtk
[+] Frame at time 455.00 ms saved to outputs/error_analysis/ssiadi/frames/Vm_45500.vtk
[+] Frame at time 456.00 ms saved to outputs/error_analysis/ssiadi/frames/Vm_45600.vtk
[+] Frame at time 457.00 ms saved to outputs/error_analysis/ssiadi/frames/Vm_45700.vtk
[+] Frame at time 458.00 ms saved to outputs/error_analysis/ssiadi/frames/Vm_45800.vtk
[+] Frame at time 459.00 ms saved to outputs/error_analysis/ssiadi/frames/Vm_45900.vtk
[+] Frame at time 460.00 ms saved to outputs/error_analysis/ssiadi/frames/Vm_46000.vtk
[+] Frame at time 461.00 ms saved to outputs/error_analysis/ssiadi/frames/Vm_46100.vtk
[+] Frame at time 462.00 ms saved to outputs/error_analysis/ssiadi/frames/Vm_46200.vtk
[+] Frame at time 463.00 ms saved to outputs/error_analysis/ssiadi/frames/Vm_46300.vtk
[+] Frame at time 464.00 ms saved to outputs/error_analysis/ssiadi/frames/Vm_46400.vtk
[+] Frame at time 465.00 ms saved to outputs/error_analysis/ssiadi/frames/Vm_46500.vtk
[+] Frame at time 466.00 ms saved to outputs/error_analysis/ssiadi/frames/Vm_46600.vtk
[+] Frame at time 467.00 ms saved to outputs/error_analysis/ssiadi/frames/Vm_46700.vtk
[+] Frame at time 468.00 ms saved to outputs/error_analysis/ssiadi/frames/Vm_46800.vtk
[+] Frame at time 469.00 ms saved to outputs/error_analysis/ssiadi/frames/Vm_46900.vtk
[+] Frame at time 470.00 ms saved to outputs/error_analysis/ssiadi/frames/Vm_47000.vtk
[+] Frame at time 471.00 ms saved to outputs/error_analysis/ssiadi/frames/Vm_47100.vtk
[+] Frame at time 472.00 ms saved to outputs/error_analysis/ssiadi/frames/Vm_47200.vtk
[+] Frame at time 473.00 ms saved to outputs/error_analysis/ssiadi/frames/Vm_47300.vtk
[+] Frame at time 474.00 ms saved to outputs/error_analysis/ssiadi/frames/Vm_47400.vtk
[+] Frame at time 475.00 ms saved to outputs/error_analysis/ssiadi/frames/Vm_47500.vtk
[+] Frame at time 476.00 ms saved to outputs/error_analysis/ssiadi/frames/Vm_47600.vtk
[+] Frame at time 477.00 ms saved to outputs/error_analysis/ssiadi/frames/Vm_47700.vtk
[+] Frame at time 478.00 ms saved to outputs/error_analysis/ssiadi/frames/Vm_47800.vtk
[+] Frame at time 479.00 ms saved to outputs/error_analysis/ssiadi/frames/Vm_47900.vtk
[+] Frame at time 480.00 ms saved to outputs/error_analysis/ssiadi/frames/Vm_48000.vtk
[+] Frame at time 481.00 ms saved to outputs/error_analysis/ssiadi/frames/Vm_48100.vtk
[+] Frame at time 482.00 ms saved to outputs/error_analysis/ssiadi/frames/Vm_48200.vtk
[+] Frame at time 483.00 ms saved to outputs/error_analysis/ssiadi/frames/Vm_48300.vtk
[+] Frame at time 484.00 ms saved to outputs/error_analysis/ssiadi/frames/Vm_48400.vtk
[+] Frame at time 485.00 ms saved to outputs/error_analysis/ssiadi/frames/Vm_48500.vtk
[+] Frame at time 486.00 ms saved to outputs/error_analysis/ssiadi/frames/Vm_48600.vtk
[+] Frame at time 487.00 ms saved to outputs/error_analysis/ssiadi/frames/Vm_48700.vtk
[+] Frame at time 488.00 ms saved to outputs/error_analysis/ssiadi/frames/Vm_48800.vtk
[+] Frame at time 489.00 ms saved to outputs/error_analysis/ssiadi/frames/Vm_48900.vtk
[+] Frame at time 490.00 ms saved to outputs/error_analysis/ssiadi/frames/Vm_49000.vtk
[+] Frame at time 491.00 ms saved to outputs/error_analysis/ssiadi/frames/Vm_49100.vtk
[+] Frame at time 492.00 ms saved to outputs/error_analysis/ssiadi/frames/Vm_49200.vtk
[+] Frame at time 493.00 ms saved to outputs/error_analysis/ssiadi/frames/Vm_49300.vtk
[+] Frame at time 494.00 ms saved to outputs/error_analysis/ssiadi/frames/Vm_49400.vtk
[+] Frame at time 495.00 ms saved to outputs/error_analysis/ssiadi/frames/Vm_49500.vtk
[+] Frame at time 496.00 ms saved to outputs/error_analysis/ssiadi/frames/Vm_49600.vtk
[+] Frame at time 497.00 ms saved to outputs/error_analysis/ssiadi/frames/Vm_49700.vtk
[+] Frame at time 498.00 ms saved to outputs/error_analysis/ssiadi/frames/Vm_49800.vtk
[+] Frame at time 499.00 ms saved to outputs/error_analysis/ssiadi/frames/Vm_49900.vtk
[i] Simulation done!

[+] Last frame (500.00 ms) saved to outputs/error_analysis/ssiadi/frames/Vm_50000.vtk

[i] Simulation total execution time = 96.444 s
[+] Simulation infos saved to outputs/error_analysis/ssiadi/simulation_infos.txt
